filename
/pool/cfsi04_0/data/MDM_Hyades/03000280+074459_update.fits
/pool/cfsi04_0/data/MDM_Hyades/03014830+373320_update.fits
/pool/cfsi04_0/data/MDM_Hyades/03052067+254503_update.fits
/pool/cfsi04_0/data/MDM_Hyades/031733+0741.4_update.fits
/pool/cfsi04_0/data/MDM_Hyades/032029+0827.3_update.fits
/pool/cfsi04_0/data/MDM_Hyades/04084015+233325_update.fits
/pool/cfsi04_0/data/MDM_Hyades/04105676+272915_update.fits
/pool/cfsi04_0/data/MDM_Hyades/04145348+274528_update.fits
/pool/cfsi04_0/data/MDM_Hyades/04210061+243108_update.fits
/pool/cfsi04_0/data/MDM_Hyades/04215308+241425_update.fits
/pool/cfsi04_0/data/MDM_Hyades/04215585+232505_update.fits
/pool/cfsi04_0/data/MDM_Hyades/04224284+203412_update.fits
/pool/cfsi04_0/data/MDM_Hyades/04231137+210332_update.fits
/pool/cfsi04_0/data/MDM_Hyades/042552+1851.8_update.fits
/pool/cfsi04_0/data/MDM_Hyades/04260584+153127_update.fits
/pool/cfsi04_0/data/MDM_Hyades/042746+1144.2_update.fits
/pool/cfsi04_0/data/MDM_Hyades/04293098+161441_update.fits
/pool/cfsi04_0/data/MDM_Hyades/042958+1640.4_update.fits
/pool/cfsi04_0/data/MDM_Hyades/043116+2008.0_update.fits
/pool/cfsi04_0/data/MDM_Hyades/04325009+160021_update.fits
/pool/cfsi04_0/data/MDM_Hyades/043359+1509.8_update.fits
/pool/cfsi04_0/data/MDM_Hyades/04343992+151232_update.fits
/pool/cfsi04_0/data/MDM_Hyades/04360006+163226_update.fits
/pool/cfsi04_0/data/MDM_Hyades/04360416+185318_update.fits
/pool/cfsi04_0/data/MDM_Hyades/04363893+183656_update.fits
/pool/cfsi04_0/data/MDM_Hyades/04395709+230816_update.fits
/pool/cfsi04_0/data/MDM_Hyades/044006+2318.3_update.fits
/pool/cfsi04_0/data/MDM_Hyades/04400920+253532_update.fits
/pool/cfsi04_0/data/MDM_Hyades/04401271+1917099_update.fits
/pool/cfsi04_0/data/MDM_Hyades/044128+1404.6_update.fits
/pool/cfsi04_0/data/MDM_Hyades/044646+0901.0_update.fits
/pool/cfsi04_0/data/MDM_Hyades/04470974+240112_update.fits
/pool/cfsi04_0/data/MDM_Hyades/04491107+174255_update.fits
/pool/cfsi04_0/data/MDM_Hyades/04493586+214539_update.fits
/pool/cfsi04_0/data/MDM_Hyades/05030708+190104_update.fits
/pool/cfsi04_0/data/MDM_Hyades/050308+1343.8_update.fits
/pool/cfsi04_0/data/MDM_Hyades/050618+1749.0_update.fits
/pool/cfsi04_0/data/MDM_Hyades/05073527+184133_update.fits
/pool/cfsi04_0/data/MDM_Hyades/052025+1136.6_update.fits
/pool/cfsi04_0/data/MDM_Hyades/05540638+254139_update.fits
/pool/cfsi04_0/data/MDM_Hyades/06032727+240215_update.fits
/pool/cfsi04_0/data/MDM_Hyades/1SWASPJ035501.4_update.fits
/pool/cfsi04_0/data/MDM_Hyades/1SWASPJ040339.0_update.fits
/pool/cfsi04_0/data/MDM_Hyades/1SWASPJ040525.6_update.fits
/pool/cfsi04_0/data/MDM_Hyades/1SWASPJ042322.8_update.fits
/pool/cfsi04_0/data/MDM_Hyades/1SWASPJ044630.3_update.fits
/pool/cfsi04_0/data/MDM_Hyades/HIP16908_update.fits
/pool/cfsi04_0/data/MDM_Hyades/HIP18327_update.fits
/pool/cfsi04_0/data/MDM_Hyades/HIP18735_update.fits
/pool/cfsi04_0/data/MDM_Hyades/HIP19098_update.fits
/pool/cfsi04_0/data/MDM_Hyades/HIP19148_update.fits
/pool/cfsi04_0/data/MDM_Hyades/HIP19441_update.fits
/pool/cfsi04_0/data/MDM_Hyades/HIP19781_update.fits
/pool/cfsi04_0/data/MDM_Hyades/HIP19793_update.fits
/pool/cfsi04_0/data/MDM_Hyades/HIP20082_update.fits
/pool/cfsi04_0/data/MDM_Hyades/HIP20130_update.fits
/pool/cfsi04_0/data/MDM_Hyades/HIP20146_update.fits
/pool/cfsi04_0/data/MDM_Hyades/HIP20237_update.fits
/pool/cfsi04_0/data/MDM_Hyades/HIP20492_update.fits
/pool/cfsi04_0/data/MDM_Hyades/HIP20553_update.fits
/pool/cfsi04_0/data/MDM_Hyades/HIP20577_update.fits
/pool/cfsi04_0/data/MDM_Hyades/HIP20605_update.fits
/pool/cfsi04_0/data/MDM_Hyades/HIP20719_update.fits
/pool/cfsi04_0/data/MDM_Hyades/HIP20741_update.fits
/pool/cfsi04_0/data/MDM_Hyades/HIP20762_update.fits
/pool/cfsi04_0/data/MDM_Hyades/HIP20815_update.fits
/pool/cfsi04_0/data/MDM_Hyades/HIP20826_update.fits
/pool/cfsi04_0/data/MDM_Hyades/HIP20899_update.fits
/pool/cfsi04_0/data/MDM_Hyades/HIP20951_update.fits
/pool/cfsi04_0/data/MDM_Hyades/HIP21261_update.fits
/pool/cfsi04_0/data/MDM_Hyades/HIP21317.2_update.fits
/pool/cfsi04_0/data/MDM_Hyades/HIP21543.2_update.fits
/pool/cfsi04_0/data/MDM_Hyades/HIP22224_update.fits
/pool/cfsi04_0/data/MDM_Hyades/HIP22253_update.fits
/pool/cfsi04_0/data/MDM_Hyades/HIP22271_update.fits
/pool/cfsi04_0/data/MDM_Hyades/HIP22496_update.fits
/pool/cfsi04_0/data/MDM_Hyades/HIP22505_update.fits
/pool/cfsi04_0/data/MDM_Hyades/Hyades_SWASP044127.8+140434_update.fits
/pool/cfsi04_0/data/MDM_Hyades/Hyades_SWASP_034347_update.fits
/pool/cfsi04_0/data/MDM_Hyades/Hyades_SWASP_035453_update.fits
/pool/cfsi04_0/data/MDM_Hyades/Hyades_SWASP_035501_update.fits
/pool/cfsi04_0/data/MDM_Hyades/Hyades_SWASP_040339_update.fits
/pool/cfsi04_0/data/MDM_Hyades/Hyades_SWASP_040525_update.fits
/pool/cfsi04_0/data/MDM_Hyades/Hyades_SWASP_040634_update.fits
/pool/cfsi04_0/data/MDM_Hyades/Hyades_SWASP_040701_update.fits
/pool/cfsi04_0/data/MDM_Hyades/Hyades_SWASP_040743_update.fits
/pool/cfsi04_0/data/MDM_Hyades/Hyades_SWASP_040811_update.fits
/pool/cfsi04_0/data/MDM_Hyades/Hyades_SWASP_040826_update.fits
/pool/cfsi04_0/data/MDM_Hyades/Hyades_SWASP_040836.21_3_update.fits
/pool/cfsi04_0/data/MDM_Hyades/Hyades_SWASP_040836_update.fits
/pool/cfsi04_0/data/MDM_Hyades/Hyades_SWASP_041127_update.fits
/pool/cfsi04_0/data/MDM_Hyades/Hyades_SWASP_041510_update.fits
/pool/cfsi04_0/data/MDM_Hyades/Hyades_SWASP_041633_update.fits
/pool/cfsi04_0/data/MDM_Hyades/Hyades_SWASP_041725_update.fits
/pool/cfsi04_0/data/MDM_Hyades/Hyades_SWASP_041728_update.fits
/pool/cfsi04_0/data/MDM_Hyades/Hyades_SWASP_042322.85_update.fits
/pool/cfsi04_0/data/MDM_Hyades/Hyades_SWASP_042325.3_update.fits
/pool/cfsi04_0/data/MDM_Hyades/Hyades_SWASP_042350_update.fits
/pool/cfsi04_0/data/MDM_Hyades/Hyades_SWASP_042359_update.fits
/pool/cfsi04_0/data/MDM_Hyades/Hyades_SWASP_042416.9_update.fits
/pool/cfsi04_0/data/MDM_Hyades/Hyades_SWASP_042500.2_update.fits
/pool/cfsi04_0/data/MDM_Hyades/Hyades_SWASP_042514_update.fits
/pool/cfsi04_0/data/MDM_Hyades/Hyades_SWASP_042547.55_update.fits
/pool/cfsi04_0/data/MDM_Hyades/Hyades_SWASP_042642.8_update.fits
/pool/cfsi04_0/data/MDM_Hyades/Hyades_SWASP_042648.2_update.fits
/pool/cfsi04_0/data/MDM_Hyades/Hyades_SWASP_042725_update.fits
/pool/cfsi04_0/data/MDM_Hyades/Hyades_SWASP_042747.0_update.fits
/pool/cfsi04_0/data/MDM_Hyades/Hyades_SWASP_042828_update.fits
/pool/cfsi04_0/data/MDM_Hyades/Hyades_SWASP_043033_update.fits
/pool/cfsi04_0/data/MDM_Hyades/Hyades_SWASP_043034.9_update.fits
/pool/cfsi04_0/data/MDM_Hyades/Hyades_SWASP_043152_update.fits
/pool/cfsi04_0/data/MDM_Hyades/Hyades_SWASP_043225_update.fits
/pool/cfsi04_0/data/MDM_Hyades/Hyades_SWASP_043323_update.fits
/pool/cfsi04_0/data/MDM_Hyades/Hyades_SWASP_043327_update.fits
/pool/cfsi04_0/data/MDM_Hyades/Hyades_SWASP_043337.2_update.fits
/pool/cfsi04_0/data/MDM_Hyades/Hyades_SWASP_043411_update.fits
/pool/cfsi04_0/data/MDM_Hyades/Hyades_SWASP_043548.5_update.fits
/pool/cfsi04_0/data/MDM_Hyades/Hyades_SWASP_043605.3_update.fits
/pool/cfsi04_0/data/MDM_Hyades/Hyades_SWASP_043950.97_update.fits
/pool/cfsi04_0/data/MDM_Hyades/Hyades_SWASP_044128_update.fits
/pool/cfsi04_0/data/MDM_Hyades/Hyades_SWASP_044129_update.fits
/pool/cfsi04_0/data/MDM_Hyades/Hyades_SWASP_044315.7_update.fits
/pool/cfsi04_0/data/MDM_Hyades/Hyades_SWASP_044618.8_update.fits
/pool/cfsi04_0/data/MDM_Hyades/Hyades_SWASP_044630.4_update.fits
/pool/cfsi04_0/data/MDM_Hyades/Hyades_SWASP_044718_update.fits
/pool/cfsi04_0/data/MDM_Hyades/Hyades_SWASP_044800_update.fits
/pool/cfsi04_0/data/MDM_Hyades/Hyades_SWASP_044830_update.fits
/pool/cfsi04_0/data/MDM_Hyades/Hyades_SWASP_044842.1_update.fits
/pool/cfsi04_0/data/MDM_Hyades/Hyades_SWASP_044912.98_update.fits
/pool/cfsi04_0/data/MDM_Hyades/Hyades_SWASP_044952.11_update.fits
/pool/cfsi04_0/data/MDM_Hyades/Hyades_SWASP_045000_1_update.fits
/pool/cfsi04_0/data/MDM_Hyades/Hyades_SWASP_045102_update.fits
/pool/cfsi04_0/data/MDM_Hyades/Hyades_SWASP_045223.5_update.fits
/pool/cfsi04_0/data/MDM_Hyades/Hyades_SWASP_045223_update.fits
/pool/cfsi04_0/data/MDM_Hyades/Hyades_SWASP_050540.4_update.fits
/pool/cfsi04_0/data/MDM_Hyades/Hyades_SWASP_051109_update.fits
/pool/cfsi04_0/data/MDM_Hyades/Hyades_SWASP_051119_update.fits
/pool/cfsi04_0/data/MDM_Hyades/Hyades_VA_262_CFHT_Hy1_update.fits
/pool/cfsi04_0/data/MDM_Hyades/SWASP040826.66+_update.fits
/pool/cfsi04_0/data/MDM_Hyades/trim.02253841+3732339_update.fits
/pool/cfsi04_0/data/MDM_Hyades/trim.02564122+3522346_update.fits
/pool/cfsi04_0/data/MDM_Hyades/trim.03153783+3724143_update.fits
/pool/cfsi04_0/data/MDM_Hyades/trim.03223165+2858291_update.fits
/pool/cfsi04_0/data/MDM_Hyades/trim.03325006+234131_update.fits
/pool/cfsi04_0/data/MDM_Hyades/trim.03502496+1714474_update.fits
/pool/cfsi04_0/data/MDM_Hyades/trim.03510309+235413_update.fits
/pool/cfsi04_0/data/MDM_Hyades/trim.04145191+1303178.1_update.fits
/pool/cfsi04_0/data/MDM_Hyades/trim.04145191+1303178.2_update.fits
/pool/cfsi04_0/data/MDM_Hyades/trim.04145191+1303178_comb_update.fits
/pool/cfsi04_0/data/MDM_Hyades/trim.04173893+1656521_update.fits
/pool/cfsi04_0/data/MDM_Hyades/trim.04182197+1725178_update.fits
/pool/cfsi04_0/data/MDM_Hyades/trim.04184702+1321585_update.fits
/pool/cfsi04_0/data/MDM_Hyades/trim.04192976+2145141_update.fits
/pool/cfsi04_0/data/MDM_Hyades/trim.04222568+1118205_update.fits
/pool/cfsi04_0/data/MDM_Hyades/trim.04235033+1455174_update.fits
/pool/cfsi04_0/data/MDM_Hyades/trim.04240740+2207079_update.fits
/pool/cfsi04_0/data/MDM_Hyades/trim.04280440+1352046_update.fits
/pool/cfsi04_0/data/MDM_Hyades/trim.04281085+1628155_update.fits
/pool/cfsi04_0/data/MDM_Hyades/trim.04285080+1617204_update.fits
/pool/cfsi04_0/data/MDM_Hyades/trim.04285080+161720_update.fits
/pool/cfsi04_0/data/MDM_Hyades/trim.04290015+1620467_update.fits
/pool/cfsi04_0/data/MDM_Hyades/trim.04290099+1840254_update.fits
/pool/cfsi04_0/data/MDM_Hyades/trim.04291097+2614484_update.fits
/pool/cfsi04_0/data/MDM_Hyades/trim.04295572+1654506_update.fits
/pool/cfsi04_0/data/MDM_Hyades/trim.04322373+1745026.1_update.fits
/pool/cfsi04_0/data/MDM_Hyades/trim.04322373+1745026.2_update.fits
/pool/cfsi04_0/data/MDM_Hyades/trim.04322373+1745026_comb_update.fits
/pool/cfsi04_0/data/MDM_Hyades/trim.04324094+1906484_update.fits
/pool/cfsi04_0/data/MDM_Hyades/trim.04325943+154908_update.fits
/pool/cfsi04_0/data/MDM_Hyades/trim.04345007+2023404_update.fits
/pool/cfsi04_0/data/MDM_Hyades/trim.04363080+1905273_update.fits
/pool/cfsi04_0/data/MDM_Hyades/trim.04382494+1732327_update.fits
/pool/cfsi04_0/data/MDM_Hyades/trim.04385471+1910560_update.fits
/pool/cfsi04_0/data/MDM_Hyades/trim.04473532+1453209_update.fits
/pool/cfsi04_0/data/MDM_Hyades/trim.04501665+2037330_update.fits
/pool/cfsi04_0/data/MDM_Hyades/trim.04513356+1417109_update.fits
/pool/cfsi04_0/data/MDM_Hyades/trim.04514917+1716255_update.fits
/pool/cfsi04_0/data/MDM_Hyades/trim.05081333+215925_update.fits
/pool/cfsi04_0/data/MDM_Hyades/trim.05222053+303109_update.fits
/pool/cfsi04_0/data/MDM_Hyades/trim.EP210359769_update.fits
/pool/cfsi04_0/data/MDM_Hyades/trim.EP210384590_update.fits
/pool/cfsi04_0/data/MDM_Hyades/trim.EP210408563_update.fits
/pool/cfsi04_0/data/MDM_Hyades/trim.EP210419589_update.fits
/pool/cfsi04_0/data/MDM_Hyades/trim.EP210432080_update.fits
/pool/cfsi04_0/data/MDM_Hyades/trim.EP210451321_update.fits
/pool/cfsi04_0/data/MDM_Hyades/trim.EP210459199_update.fits
/pool/cfsi04_0/data/MDM_Hyades/trim.EP210470484_update.fits
/pool/cfsi04_0/data/MDM_Hyades/trim.EP210489127_update.fits
/pool/cfsi04_0/data/MDM_Hyades/trim.EP210489654_20161208_update.fits
/pool/cfsi04_0/data/MDM_Hyades/trim.EP210489654_update.fits
/pool/cfsi04_0/data/MDM_Hyades/trim.EP210490365_update.fits
/pool/cfsi04_0/data/MDM_Hyades/trim.EP210497173_update.fits
/pool/cfsi04_0/data/MDM_Hyades/trim.EP210499476_update.fits
/pool/cfsi04_0/data/MDM_Hyades/trim.EP210563410_update.fits
/pool/cfsi04_0/data/MDM_Hyades/trim.EP210579563_update.fits
/pool/cfsi04_0/data/MDM_Hyades/trim.EP210640966.1_update.fits
/pool/cfsi04_0/data/MDM_Hyades/trim.EP210640966.2_update.fits
/pool/cfsi04_0/data/MDM_Hyades/trim.EP210643507.1_update.fits
/pool/cfsi04_0/data/MDM_Hyades/trim.EP210643507.2_update.fits
/pool/cfsi04_0/data/MDM_Hyades/trim.EP210643507_comb_update.fits
/pool/cfsi04_0/data/MDM_Hyades/trim.EP210651981_update.fits
/pool/cfsi04_0/data/MDM_Hyades/trim.EP210674207_update.fits
/pool/cfsi04_0/data/MDM_Hyades/trim.EP210693497_update.fits
/pool/cfsi04_0/data/MDM_Hyades/trim.EP210700098.1_update.fits
/pool/cfsi04_0/data/MDM_Hyades/trim.EP210700098.2_update.fits
/pool/cfsi04_0/data/MDM_Hyades/trim.EP210700098_comb_update.fits
/pool/cfsi04_0/data/MDM_Hyades/trim.EP210704853_update.fits
/pool/cfsi04_0/data/MDM_Hyades/trim.EP210707811_update.fits
/pool/cfsi04_0/data/MDM_Hyades/trim.EP210709514_update.fits
/pool/cfsi04_0/data/MDM_Hyades/trim.EP210718930.1_update.fits
/pool/cfsi04_0/data/MDM_Hyades/trim.EP210718930.2_update.fits
/pool/cfsi04_0/data/MDM_Hyades/trim.EP210718930.3_update.fits
/pool/cfsi04_0/data/MDM_Hyades/trim.EP210718930_comb_update.fits
/pool/cfsi04_0/data/MDM_Hyades/trim.EP210736105.1_update.fits
/pool/cfsi04_0/data/MDM_Hyades/trim.EP210736105.2_update.fits
/pool/cfsi04_0/data/MDM_Hyades/trim.EP210741091_update.fits
/pool/cfsi04_0/data/MDM_Hyades/trim.EP210742592.1_update.fits
/pool/cfsi04_0/data/MDM_Hyades/trim.EP210742592.2_update.fits
/pool/cfsi04_0/data/MDM_Hyades/trim.EP210742592_comb_update.fits
/pool/cfsi04_0/data/MDM_Hyades/trim.EP210743724_update.fits
/pool/cfsi04_0/data/MDM_Hyades/trim.EP210744677.1_update.fits
/pool/cfsi04_0/data/MDM_Hyades/trim.EP210744677.2_update.fits
/pool/cfsi04_0/data/MDM_Hyades/trim.EP210744677_comb_update.fits
/pool/cfsi04_0/data/MDM_Hyades/trim.EP210769813_update.fits
/pool/cfsi04_0/data/MDM_Hyades/trim.EP210774807.1_update.fits
/pool/cfsi04_0/data/MDM_Hyades/trim.EP210774807.2_update.fits
/pool/cfsi04_0/data/MDM_Hyades/trim.EP210774807.comb_update.fits
/pool/cfsi04_0/data/MDM_Hyades/trim.EP210827030_update.fits
/pool/cfsi04_0/data/MDM_Hyades/trim.EP210835395_update.fits
/pool/cfsi04_0/data/MDM_Hyades/trim.EP210865372_update.fits
/pool/cfsi04_0/data/MDM_Hyades/trim.EP210941195_update.fits
/pool/cfsi04_0/data/MDM_Hyades/trim.EP210942999_update.fits
/pool/cfsi04_0/data/MDM_Hyades/trim.EP210963067A.1_update.fits
/pool/cfsi04_0/data/MDM_Hyades/trim.EP210963067A.2_update.fits
/pool/cfsi04_0/data/MDM_Hyades/trim.EP210963067A.3_update.fits
/pool/cfsi04_0/data/MDM_Hyades/trim.EP210963067A_comb_update.fits
/pool/cfsi04_0/data/MDM_Hyades/trim.EP210963067B_update.fits
/pool/cfsi04_0/data/MDM_Hyades/trim.EP210976212_update.fits
/pool/cfsi04_0/data/MDM_Hyades/trim.EP210980637_update.fits
/pool/cfsi04_0/data/MDM_Hyades/trim.EP211019716_update.fits
/pool/cfsi04_0/data/MDM_Hyades/trim.EP211026112_update.fits
/pool/cfsi04_0/data/MDM_Hyades/trim.EP211036776_update.fits
/pool/cfsi04_0/data/MDM_Hyades/trim.EP211041649_update.fits
/pool/cfsi04_0/data/MDM_Hyades/trim.EP211084463_update.fits
/pool/cfsi04_0/data/MDM_Hyades/trim.EP211169647.2_update.fits
/pool/cfsi04_0/data/MDM_Hyades/trim.EP211201094_update.fits
